
> vibex-task-manager@0.17.0 prebuild
> npm run clean


> vibex-task-manager@0.17.0 clean
> rm -rf dist coverage


> vibex-task-manager@0.17.0 build
> tsc -p tsconfig.build.json

mcp-server/src/core/direct-functions/add-task.ts(95,34): error TS2345: Argument of type 'Logger' is not assignable to parameter of type 'import("/Users/sethford/Downloads/vibex-task-manager/mcp-server/src/tools/utils", { with: { "resolution-mode": "import" } }).Logger'.
  Property 'debug' is optional in type 'Logger' but required in type 'Logger'.
mcp-server/src/core/direct-functions/add-task.ts(174,5): error TS2554: Expected 2-8 arguments, but got 9.
mcp-server/src/core/direct-functions/add-task.ts(192,6): error TS2741: Property 'success' is missing in type 'Logger' but required in type '{ info: (...args: any[]) => void; warn: (...args: any[]) => void; error: (...args: any[]) => void; debug: (...args: any[]) => void; success: (...args: any[]) => void; }'.
mcp-server/src/core/direct-functions/analyze-task-complexity.ts(32,10): error TS2339: Property 'session' does not exist on type '{}'.
mcp-server/src/core/direct-functions/analyze-task-complexity.ts(115,5): error TS2353: Object literal may only specify known properties, and 'commandName' does not exist in type 'AnalyzeComplexityContext'.
mcp-server/src/core/direct-functions/expand-all-tasks.ts(27,10): error TS2339: Property 'session' does not exist on type '{}'.
mcp-server/src/core/direct-functions/expand-task.ts(36,10): error TS2339: Property 'session' does not exist on type '{}'.
mcp-server/src/core/direct-functions/expand-task.ts(201,6): error TS2353: Object literal may only specify known properties, and 'commandName' does not exist in type 'ExpandTaskContext'.
mcp-server/src/core/direct-functions/initialize-project.ts(18,10): error TS2339: Property 'session' does not exist on type '{}'.
mcp-server/src/core/direct-functions/parse-prd.ts(92,38): error TS2345: Argument of type 'Logger' is not assignable to parameter of type 'import("/Users/sethford/Downloads/vibex-task-manager/mcp-server/src/tools/utils", { with: { "resolution-mode": "import" } }).Logger'.
  Property 'debug' is optional in type 'Logger' but required in type 'Logger'.
mcp-server/src/core/direct-functions/parse-prd.ts(215,15): error TS2339: Property 'success' does not exist on type 'Logger'.
mcp-server/src/core/direct-functions/show-task.ts(77,4): error TS2345: Argument of type 'Logger' is not assignable to parameter of type 'Logger | SilentLogger'.
  Type 'Logger' is not assignable to type 'SilentLogger'.
    Types of property 'info' are incompatible.
      Type '(message: string, ...args: any[]) => void' is not assignable to type '() => void'.
        Target signature provides too few arguments. Expected 1 or more, but got 0.
mcp-server/src/core/direct-functions/update-subtask-by-id.ts(116,6): error TS2353: Object literal may only specify known properties, and 'commandName' does not exist in type 'UpdateSubtaskContext'.
mcp-server/src/core/direct-functions/update-subtask-by-id.ts(133,15): error TS2339: Property 'success' does not exist on type 'Logger'.
mcp-server/src/core/direct-functions/update-task-by-id.ts(78,38): error TS2345: Argument of type 'Logger' is not assignable to parameter of type 'import("/Users/sethford/Downloads/vibex-task-manager/mcp-server/src/tools/utils", { with: { "resolution-mode": "import" } }).Logger'.
  Property 'debug' is optional in type 'Logger' but required in type 'Logger'.
mcp-server/src/core/direct-functions/update-task-by-id.ts(163,6): error TS2353: Object literal may only specify known properties, and 'commandName' does not exist in type 'UpdateTaskContext'.
mcp-server/src/core/direct-functions/update-task-by-id.ts(187,15): error TS2339: Property 'success' does not exist on type 'Logger'.
mcp-server/src/core/direct-functions/update-tasks.ts(77,38): error TS2345: Argument of type 'Logger' is not assignable to parameter of type 'import("/Users/sethford/Downloads/vibex-task-manager/mcp-server/src/tools/utils", { with: { "resolution-mode": "import" } }).Logger'.
  Property 'debug' is optional in type 'Logger' but required in type 'Logger'.
mcp-server/src/core/direct-functions/update-tasks.ts(134,15): error TS2339: Property 'success' does not exist on type 'Logger'.
mcp-server/src/index.ts(46,29): error TS2345: Argument of type 'ServerOptions' is not assignable to parameter of type 'ServerOptions<undefined>'.
  Types of property 'version' are incompatible.
    Type 'string' is not assignable to type '`${number}.${number}.${number}`'.
mcp-server/src/index.ts(49,27): error TS2345: Argument of type '{}' is not assignable to parameter of type 'Resource'.
  Type '{}' is missing the following properties from type 'Resource': load, name, uri
mcp-server/src/index.ts(51,35): error TS2345: Argument of type '{}' is not assignable to parameter of type 'InputResourceTemplate<Readonly<{ complete?: ArgumentValueCompleter; description?: string; name: string; required?: boolean; }>[]>'.
  Type '{}' is missing the following properties from type 'InputResourceTemplate<Readonly<{ complete?: ArgumentValueCompleter; description?: string; name: string; required?: boolean; }>[]>': arguments, load, name, uriTemplate
mcp-server/src/index.ts(69,46): error TS2554: Expected 1 arguments, but got 2.
mcp-server/src/index.ts(87,4): error TS2353: Object literal may only specify known properties, and 'timeout' does not exist in type '{ transportType: "stdio"; }'.
mcp-server/src/tools/add-task.ts(116,37): error TS2339: Property 'id' does not exist on type 'AddTaskResult'.
mcp-server/src/tools/expand-task.ts(89,53): error TS2345: Argument of type '{ success: boolean; error: { code: string; message: string; }; data?: undefined; } | { success: boolean; data: { message: string; task: any; subtasksAdded: number; hasExistingSubtasks: true; telemetryData?: undefined; }; error?: undefined; } | { ...; }' is not assignable to parameter of type '{ success: boolean; data?: { message: string; task: any; subtasksAdded: number; hasExistingSubtasks: true; telemetryData?: undefined; }; error?: string | { code: string; message: string; }; }'.
  Type '{ success: boolean; data: { task: any; subtasksAdded: number; hasExistingSubtasks: boolean; telemetryData: any; message?: undefined; }; error?: undefined; }' is not assignable to type '{ success: boolean; data?: { message: string; task: any; subtasksAdded: number; hasExistingSubtasks: true; telemetryData?: undefined; }; error?: string | { code: string; message: string; }; }'.
    Types of property 'data' are incompatible.
      Type '{ task: any; subtasksAdded: number; hasExistingSubtasks: boolean; telemetryData: any; message?: undefined; }' is not assignable to type '{ message: string; task: any; subtasksAdded: number; hasExistingSubtasks: true; telemetryData?: undefined; }'.
        Property 'message' is optional in type '{ task: any; subtasksAdded: number; hasExistingSubtasks: boolean; telemetryData: any; message?: undefined; }' but required in type '{ message: string; task: any; subtasksAdded: number; hasExistingSubtasks: true; telemetryData?: undefined; }'.
mcp-server/src/tools/get-operation-status.ts(3,31): error TS2305: Module '"./utils.js"' has no exported member 'createContentResponse'.
mcp-server/src/tools/get-task.ts(110,7): error TS2353: Object literal may only specify known properties, and 'tasksJsonPath' does not exist in type 'ShowTaskArgs'.
mcp-server/src/tools/get-task.ts(131,6): error TS2554: Expected 2-3 arguments, but got 4.
mcp-server/src/tools/move-task.ts(112,7): error TS2345: Argument of type '{ success: boolean; error: { message: string; code: string; }; data?: undefined; } | { success: boolean; data: { movedTask: any; message: string; }; error?: undefined; }' is not assignable to parameter of type 'CommandResult'.
  Type '{ success: boolean; error: { message: string; code: string; }; data?: undefined; }' is not assignable to type 'CommandResult'.
    Types of property 'error' are incompatible.
      Type '{ message: string; code: string; }' is not assignable to type 'string'.
mcp-server/src/tools/remove-subtask.ts(90,53): error TS2345: Argument of type '{ success: boolean; error: { code: string; message: string; }; data?: undefined; } | { success: boolean; data: { message: string; task: any; }; error?: undefined; } | { success: boolean; data: { message: string; task?: undefined; }; error?: undefined; }' is not assignable to parameter of type '{ success: boolean; data?: { message: string; task: any; }; error?: string | { code: string; message: string; }; }'.
  Type '{ success: boolean; data: { message: string; task?: undefined; }; error?: undefined; }' is not assignable to type '{ success: boolean; data?: { message: string; task: any; }; error?: string | { code: string; message: string; }; }'.
    Types of property 'data' are incompatible.
      Type '{ message: string; task?: undefined; }' is not assignable to type '{ message: string; task: any; }'.
        Property 'task' is optional in type '{ message: string; task?: undefined; }' but required in type '{ message: string; task: any; }'.
scripts/modules/task-manager/migrate.ts(20,2): error TS2353: Object literal may only specify known properties, and 'success' does not exist in type 'Logger'.
scripts/modules/task-manager/migrate.ts(95,7): error TS2339: Property 'success' does not exist on type 'Logger'.
